// Vitest Snapshot v1

exports[`disabledControlStyles 1`] = `
{
  "cursor": "not-allowed",
  "opacity": "opacity.50",
}
`;
