// Vitest Snapshot v1

exports[`disabled-control-styles > disabledControlStyles 1`] = `
{
  "--sugar-ring-width": "30px",
  "--tw-ring-color": "transparent",
  "--tw-ring-inset": "var(--tw-empty,/*!*/ /*!*/)",
  "--tw-ring-offset-color": "transparent",
  "--tw-ring-offset-shadow": "var(--tw-ring-inset) 0 0 0 var(--tw-ring-offset-width) var(--tw-ring-offset-color)",
  "--tw-ring-offset-width": "2px",
  "--tw-ring-shadow": "var(--tw-ring-inset) 0 0 0 calc(var(--sugar-ring-width) + var(--tw-ring-offset-width)) var(--tw-ring-color)",
  "boxShadow": "var(--tw-ring-offset-shadow), var(--tw-ring-shadow), var(--tw-shadow)",
}
`;
