// Vitest Snapshot v1, https://vitest.dev/guide/snapshot.html

exports[`sugarDefaultFormConfig 1`] = `
{
  "buttonSize": "spacing.5",
  "formControlHeight": "spacing.10",
}
`;
