// Vitest Snapshot v1, https://vitest.dev/guide/snapshot.html

exports[`sugarDefaultFocusConfig 1`] = `
{
  "focusColorFamily": "accent",
  "focusOffsetColor": "#fff",
  "focusShade": "600",
  "initialRingWidth": "30px",
}
`;
